[www.prepazar.com/index.html]
[backblue.gif]
[fade.gif]
[index.html]
[i.hizliresim.com/vj1v5v.png]
[www.prepazar.com/images/apple-touch-icon.png]
[www.prepazar.com/css/bootstrap.min.css]
[www.prepazar.com/css/owl.carousel.min.css]
[www.prepazar.com/css/linearicons.css]
[www.prepazar.com/css/magnific-popup.css]
[www.prepazar.com/css/animate.css]
[www.prepazar.com/css/normalize.css]
[www.prepazar.com/style.css]
[www.prepazar.com/css/responsive.css]
[www.prepazar.com/js/vendor/modernizr-2.8.3.min.js]
[www.prepazar.com/images/logo.png]
[www.prepazar.com/panel/kaydol.html]
[unpkg.com/sweetalert@2.1.2/dist/sweetalert.min.js]
[www.prepazar.com/images/header-mobile.png]
[www.prepazar.com/images/about-logo.png]
[www.prepazar.com/images/demir.png]
[www.prepazar.com/images/altin.png]
[www.prepazar.com/images/elmas.png]
[www.prepazar.com/images/hyp.png]
[www.prepazar.com/images/savasci.png]
[www.prepazar.com/images/cape.png]
[www.prepazar.com/images/regedit0.png]
[www.prepazar.com/images/steamrandom.png]
[www.prepazar.com/images/steamrandom2.png]
[www.prepazar.com/images/steamrandom1.png]
[www.prepazar.com/images/gta.png]
[www.prepazar.com/images/fort10.png]
[www.prepazar.com/images/bf1.png]
[www.prepazar.com/images/team-1.png]
[www.prepazar.com/images/team-2.jpg]
[www.prepazar.com/images/team-3.jpg]
[www.prepazar.com/vergi.png]
[www.prepazar.com/js/vendor/jquery-1.12.4.min.js]
[www.prepazar.com/js/vendor/bootstrap.min.js]
[www.prepazar.com/js/vendor/jquery-ui.js]
[www.prepazar.com/js/owl.carousel.min.js]
[www.prepazar.com/js/contact-form.js]
[www.prepazar.com/js/ajaxchimp.js]
[www.prepazar.com/js/scrollUp.min.js]
[www.prepazar.com/js/magnific-popup.min.js]
[www.prepazar.com/js/wow.min.js]
[www.prepazar.com/index.html]
[www.prepazar.com/js/main.js]
[www.prepazar.com/css/bootstrap.min.css]
[www.prepazar.com/css/owl.carousel.min.css]
[www.prepazar.com/fonts/Linearicons-Free54e9.eot]
[www.prepazar.com/fonts/Linearicons-Freed41d.eot]
[www.prepazar.com/fonts/Linearicons-Free54e9.woff2]
[www.prepazar.com/fonts/Linearicons-Free54e9.woff]
[www.prepazar.com/fonts/Linearicons-Free54e9.ttf]
[www.prepazar.com/css/linearicons.css]
[www.prepazar.com/css/magnific-popup.css]
[www.prepazar.com/css/animate.css]
[www.prepazar.com/css/normalize.css]
[www.prepazar.com/fonts/Linearicons-Free54e9.svg]
[www.prepazar.com/images/header-bg.jpg]
[www.prepazar.com/images/progress-bg.jpg]
[www.prepazar.com/images/video-bg.jpg]
[www.prepazar.com/images/feature-bg.png]
[www.prepazar.com/images/mobile-screen.png]
[www.prepazar.com/images/download-bg.png]
[www.prepazar.com/style.css]
[www.prepazar.com/images/subscribe-bg.jpg]
[www.prepazar.com/css/responsive.css]
[www.prepazar.com/vendor/bootstrap/css/bootstrap.min.css]
[www.prepazar.com/vendor/animate/animate.css]
[www.prepazar.com/vendor/css-hamburgers/hamburgers.min.css]
[www.prepazar.com/vendor/animsition/css/animsition.min.css]
[www.prepazar.com/vendor/select2/select2.min.css]
[www.prepazar.com/vendor/daterangepicker/daterangepicker.css]
[www.prepazar.com/css/util.css]
[www.prepazar.com/css/main.css]
[www.prepazar.com/panel/giris.html]
[www.prepazar.com/vendor/jquery/jquery-3.2.1.min.js]
[www.prepazar.com/vendor/animsition/js/animsition.min.js]
[www.prepazar.com/vendor/bootstrap/js/popper.js]
[www.prepazar.com/vendor/bootstrap/js/bootstrap.min.js]
[www.prepazar.com/vendor/select2/select2.min.js]
[www.prepazar.com/vendor/daterangepicker/moment.min.js]
[www.prepazar.com/vendor/daterangepicker/daterangepicker.js]
[www.prepazar.com/vendor/countdowntime/countdowntime.js]
[www.prepazar.com/panel/kaydol.html]
[www.prepazar.com/panel/index.html]
[www.prepazar.com/Siparis Ver _/index.html]
[www.prepazar.com/fonts/glyphicons-halflings-regular.html]
[www.prepazar.com/fonts/glyphicons-halflings-regulard41d.html]
[www.prepazar.com/fonts/glyphicons-halflings-regular-2.html]
[www.prepazar.com/fonts/glyphicons-halflings-regular-3.html]
[www.prepazar.com/fonts/glyphicons-halflings-regular-4.html]
[www.prepazar.com/fonts/glyphicons-halflings-regular-5.html]
[www.prepazar.com/css/owl.video.play.html]
[www.prepazar.com/fonts/Linearicons-Free54e9.svg]
[www.prepazar.com/panel/images/icons/favicon.html]
[www.prepazar.com/vendor/bootstrap/css/bootstrap.min.css]
[www.prepazar.com/fonts/font-awesome-4.7.0/css/font-awesome.min.html]
[www.prepazar.com/fonts/iconic/css/material-design-iconic-font.min.html]
[www.prepazar.com/vendor/animate/animate.css]
[www.prepazar.com/vendor/css-hamburgers/hamburgers.min.css]
[www.prepazar.com/vendor/animsition/css/animsition.min.css]
[www.prepazar.com/vendor/select2/select2.min.css]
[www.prepazar.com/vendor/daterangepicker/daterangepicker.css]
[www.prepazar.com/css/util.css]
[www.prepazar.com/css/main.css]
[www.prepazar.com/panel/giris.html]
[www.prepazar.com/fonts/poppins/Poppins-Regular.html]
[www.prepazar.com/fonts/poppins/Poppins-Medium.html]
[www.prepazar.com/fonts/poppins/Poppins-Bold.html]
[www.prepazar.com/fonts/poppins/Poppins-SemiBold.html]
